		Permissions  &    Roles
====================================================



SQL*Plus: Release 10.2.0.1.0 - Production on Thu Nov 27 08:42:16 2025

Copyright (c) 1982, 2005, Oracle.  All rights reserved.

SQL> connect
Enter user-name: prince
Enter password:
Connected.
SQL> connect
Enter user-name: system
Enter password:
Connected.
SQL> create user krishna identified by sagar;

User created.

SQL> grant resource to krishna;

Grant succeeded.

SQL> connect
Enter user-name: krishna
Enter password:
ERROR:
ORA-01045: user KRISHNA lacks CREATE SESSION privilege; logon denied


Warning: You are no longer connected to ORACLE.
SQL> show user
USER is ""
SQL> connect
Enter user-name: system
Enter password:
Connected.
SQL> grant connect to krishna;

Grant succeeded.

SQL> create user abhay identified by sagar;

User created.

SQL> grant connect to abhay;

Grant succeeded.

SQL> connect
Enter user-name: abhay
Enter password:
Connected.
SQL> create table test(rollno number);
create table test(rollno number)
*
ERROR at line 1:
ORA-01031: insufficient privileges


SQL> connect
Enter user-name: krishna
Enter password:
Connected.
SQL> show user
USER is "KRISHNA"
SQL> password
Changing password for KRISHNA
Old password:
New password:
Retype new password:
Password changed
SQL> create table players(playcd number,playname varchar(10));

Table created.

SQL> insert into players(1,'Rohit');
insert into players(1,'Rohit')
                    *
ERROR at line 1:
ORA-00928: missing SELECT keyword


SQL> insert into players values(1,'Rohit');

1 row created.

SQL> commit;

Commit complete.

SQL> connect
Enter user-name: prince
Enter password:
Connected.
SQL> select * from players;
select * from players
              *
ERROR at line 1:
ORA-00942: table or view does not exist


SQL> connect
Enter user-name: krishna
Enter password:
Connected.
SQL> grant select on players to prince;

Grant succeeded.

SQL> connect
Enter user-name: prince
Enter password:
Connected.
SQL> select * from players;
select * from players
              *
ERROR at line 1:
ORA-00942: table or view does not exist


SQL> select * from krishna.players;

    PLAYCD PLAYNAME
---------- ----------
         1 Rohit

SQL> grant select,update on stock to krishna;

Grant succeeded.

SQL> connect
Enter user-name: krishna
Enter password:
Connected.
SQL> select * from prince.stock;

    PRODCD NAME       COMPANY
---------- ---------- ----------
       101 Monitor    HP
       102 Printer    Epson
       103 Mouse      Logitech
       104 Processor  AMD

SQL> update prince.stock set company='Samsung' where prodcd=101;

1 row updated.

SQL> select * from prince.stock;

    PRODCD NAME       COMPANY
---------- ---------- ----------
       101 Monitor    Samsung
       102 Printer    Epson
       103 Mouse      Logitech
       104 Processor  AMD

SQL> connect
Enter user-name: price
Enter password:
ERROR:
ORA-01017: invalid username/password; logon denied


Warning: You are no longer connected to ORACLE.
SQL> connect prince/sagar
Connected.
SQL> select * from stock;

    PRODCD NAME       COMPANY
---------- ---------- ----------
       101 Monitor    Samsung
       102 Printer    Epson
       103 Mouse      Logitech
       104 Processor  AMD

SQL> revoke update on stock from krishna;

Revoke succeeded.

SQL> connect krisha/sagar;
ERROR:
ORA-01017: invalid username/password; logon denied


Warning: You are no longer connected to ORACLE.
SQL> connect krishna/sagar;
Connected.
SQL> update prince.stock set company='Samsung' where prodcd=101;
update prince.stock set company='Samsung' where prodcd=101
              *
ERROR at line 1:
ORA-01031: insufficient privileges


SQL> grant all on players to prince;

Grant succeeded.

SQL> connect prince/sagar
Connected.
SQL> alter table krishna.players add(runs number);

Table altered.

SQL> insert into krishna.players values(2,'Virat',67);

1 row created.

SQL> select * from krishna.players;

    PLAYCD PLAYNAME         RUNS
---------- ---------- ----------
         1 Rohit
         2 Virat              67

SQL> connect krishna/sagar
Connected.
SQL> revoke select on players from prince;

Revoke succeeded.

SQL> connect prince/sagar
Connected.
SQL> select * from krishna.players;
select * from krishna.players
                      *
ERROR at line 1:
ORA-01031: insufficient privileges


SQL> delete from krishna.players where playcd=2;

1 row deleted.

SQL> connect krishna/sagar
Connected.
SQL> revoke all on players from  prince;

Revoke succeeded.

SQL> connect system/manager
Connected.
SQL> password
Changing password for SYSTEM
Old password:
New password:
Retype new password:
ERROR:
ORA-00988: missing or invalid password(s)


Password unchanged
SQL> password krishna
Changing password for krishna
New password:
Retype new password:
Password changed
SQL> connect
Enter user-name: krishna
Enter password:
Connected.
SQL> password prince
Changing password for prince
New password:
Retype new password:
ERROR:
ORA-01031: insufficient privileges


Password unchanged
SQL> grant dba to krishna;
grant dba to krishna
*
ERROR at line 1:
ORA-01031: insufficient privileges


SQL> connect system/manage
ERROR:
ORA-01017: invalid username/password; logon denied


Warning: You are no longer connected to ORACLE.
SQL> connect system/manager
Connected.
SQL> grant dba to krishna;

Grant succeeded.

SQL> connect
Enter user-name: krishna
Enter password:
Connected.
SQL> create user newuser identified by newpass;

User created.

SQL> grant connect,resource to newuser;

Grant succeeded.

SQL> connect prince/sagar
Connected.
SQL> create user newuser identified by newpass;
create user newuser identified by newpass
                                  *
ERROR at line 1:
ORA-01031: insufficient privileges


SQL> connect
Enter user-name: krishna
Enter password:
Connected.
SQL> password system
Changing password for system
New password:
Retype new password:
Password changed
SQL> revoke dba from system
  2  ;

Revoke succeeded.

SQL> grant dba to system;

Grant succeeded.

SQL> drop user abhay;

User dropped.

SQL> connect
Enter user-name: system
Enter password:
Connected.
SQL> drop user krishna;
drop user krishna
*
ERROR at line 1:
ORA-01922: CASCADE must be specified to drop 'KRISHNA'


SQL> drop user krishna cascade;

User dropped.

SQL> show  user
USER is "SYSTEM"
SQL> create role role1;
create role role1
            *
ERROR at line 1:
ORA-01921: role name 'ROLE1' conflicts with another user or role name


SQL> create role role2;
create role role2
            *
ERROR at line 1:
ORA-01921: role name 'ROLE2' conflicts with another user or role name


SQL> create role role3;

Role created.

SQL> select * from tab;

TNAME                          TABTYPE  CLUSTERID
------------------------------ ------- ----------
SYSCATALOG                     SYNONYM
CATALOG                        SYNONYM
TAB                            SYNONYM
COL                            SYNONYM
TABQUOTAS                      SYNONYM
SYSFILES                       SYNONYM
PUBLICSYN                      SYNONYM
MVIEW$_ADV_WORKLOAD            TABLE
MVIEW$_ADV_BASETABLE           TABLE
MVIEW$_ADV_SQLDEPEND           TABLE
MVIEW$_ADV_PRETTY              TABLE

TNAME                          TABTYPE  CLUSTERID
------------------------------ ------- ----------
MVIEW$_ADV_TEMP                TABLE
MVIEW$_ADV_FILTER              TABLE
MVIEW$_ADV_LOG                 TABLE
MVIEW$_ADV_FILTERINSTANCE      TABLE
MVIEW$_ADV_LEVEL               TABLE
MVIEW$_ADV_ROLLUP              TABLE
MVIEW$_ADV_AJG                 TABLE
MVIEW$_ADV_FJG                 TABLE
MVIEW$_ADV_GC                  TABLE
MVIEW$_ADV_CLIQUE              TABLE
MVIEW$_ADV_ELIGIBLE            TABLE

TNAME                          TABTYPE  CLUSTERID
------------------------------ ------- ----------
MVIEW$_ADV_OUTPUT              TABLE
MVIEW$_ADV_EXCEPTIONS          TABLE
MVIEW$_ADV_PARAMETERS          TABLE
MVIEW$_ADV_INFO                TABLE
MVIEW$_ADV_JOURNAL             TABLE
MVIEW$_ADV_PLAN                TABLE
MVIEW_WORKLOAD                 VIEW
MVIEW_FILTER                   VIEW
MVIEW_LOG                      VIEW
MVIEW_FILTERINSTANCE           VIEW
MVIEW_RECOMMENDATIONS          VIEW

TNAME                          TABTYPE  CLUSTERID
------------------------------ ------- ----------
MVIEW_EVALUATIONS              VIEW
MVIEW_EXCEPTIONS               VIEW
AQ$_QUEUE_TABLES               TABLE
AQ$_QUEUES                     TABLE
AQ$_SCHEDULES                  TABLE
AQ$_INTERNET_AGENTS            TABLE
AQ$_INTERNET_AGENT_PRIVS       TABLE
DEF$_AQCALL                    TABLE
DEF$_AQERROR                   TABLE
AQ$_DEF$_AQCALL_F              VIEW
AQ$DEF$_AQCALL                 VIEW

TNAME                          TABTYPE  CLUSTERID
------------------------------ ------- ----------
DEF$_ERROR                     TABLE
AQ$_DEF$_AQERROR_F             VIEW
AQ$DEF$_AQERROR                VIEW
DEF$_DESTINATION               TABLE
DEF$_CALLDEST                  TABLE
DEF$_DEFAULTDEST               TABLE
DEF$_LOB                       TABLE
DEF$_TEMP$LOB                  TABLE
DEF$_PROPAGATOR                TABLE
DEF$_ORIGIN                    TABLE
DEF$_PUSHED_TRANSACTIONS       TABLE

TNAME                          TABTYPE  CLUSTERID
------------------------------ ------- ----------
OL$                            TABLE
OL$HINTS                       TABLE
OL$NODES                       TABLE
LOGMNR_SESSION_EVOLVE$         TABLE
LOGMNR_HEADER1$                TABLE
LOGMNR_HEADER2$                TABLE
LOGMNR_UID$                    TABLE
LOGMNRC_DBNAME_UID_MAP         TABLE
LOGMNR_DICTSTATE$              TABLE
LOGMNR_DICTIONARY$             TABLE
LOGMNR_OBJ$                    TABLE

TNAME                          TABTYPE  CLUSTERID
------------------------------ ------- ----------
LOGMNR_USER$                   TABLE
LOGMNRC_GTLO                   TABLE
LOGMNRC_GTCS                   TABLE
LOGMNRC_GSII                   TABLE
LOGMNR_TAB$                    TABLE
LOGMNR_COL$                    TABLE
LOGMNR_ATTRCOL$                TABLE
LOGMNR_TS$                     TABLE
LOGMNR_IND$                    TABLE
LOGMNR_TABPART$                TABLE
LOGMNR_TABSUBPART$             TABLE

TNAME                          TABTYPE  CLUSTERID
------------------------------ ------- ----------
LOGMNR_TABCOMPART$             TABLE
LOGMNR_TYPE$                   TABLE
LOGMNR_COLTYPE$                TABLE
LOGMNR_ATTRIBUTE$              TABLE
LOGMNR_LOB$                    TABLE
LOGMNR_CDEF$                   TABLE
LOGMNR_CCOL$                   TABLE
LOGMNR_ICOL$                   TABLE
LOGMNR_LOBFRAG$                TABLE
LOGMNR_INDPART$                TABLE
LOGMNR_INDSUBPART$             TABLE

TNAME                          TABTYPE  CLUSTERID
------------------------------ ------- ----------
LOGMNR_INDCOMPART$             TABLE
LOGMNRP_CTAS_PART_MAP          TABLE
LOGMNRT_MDDL$                  TABLE
LOGMNR_LOG$                    TABLE
LOGMNR_PROCESSED_LOG$          TABLE
LOGMNR_SPILL$                  TABLE
LOGMNR_AGE_SPILL$              TABLE
LOGMNR_RESTART_CKPT_TXINFO$    TABLE
LOGMNR_ERROR$                  TABLE
LOGMNR_RESTART_CKPT$           TABLE
LOGMNR_FILTER$                 TABLE

TNAME                          TABTYPE  CLUSTERID
------------------------------ ------- ----------
LOGMNR_PARAMETER$              TABLE
LOGMNR_SESSION$                TABLE
LOGSTDBY$PARAMETERS            TABLE
LOGSTDBY$EVENTS                TABLE
LOGSTDBY$APPLY_PROGRESS        TABLE
LOGSTDBY$APPLY_MILESTONE       TABLE
LOGSTDBY$SCN                   TABLE
LOGSTDBY$PLSQL                 TABLE
LOGSTDBY$SKIP_TRANSACTION      TABLE
LOGSTDBY$SKIP                  TABLE
LOGSTDBY$SKIP_SUPPORT          TABLE

TNAME                          TABTYPE  CLUSTERID
------------------------------ ------- ----------
LOGSTDBY$HISTORY               TABLE
REPCAT$_REPCAT                 TABLE
REPCAT$_FLAVORS                TABLE
REPCAT$_REPSCHEMA              TABLE
REPCAT$_SNAPGROUP              TABLE
REPCAT$_REPOBJECT              TABLE
REPCAT$_REPCOLUMN              TABLE
REPCAT$_KEY_COLUMNS            TABLE
REPCAT$_GENERATED              TABLE
REPCAT$_REPPROP                TABLE
REPCAT$_REPCATLOG              TABLE

TNAME                          TABTYPE  CLUSTERID
------------------------------ ------- ----------
REPCAT$_DDL                    TABLE
REPCAT$_REPGROUP_PRIVS         TABLE
REPCAT$_PRIORITY_GROUP         TABLE
REPCAT$_PRIORITY               TABLE
REPCAT$_COLUMN_GROUP           TABLE
REPCAT$_GROUPED_COLUMN         TABLE
REPCAT$_CONFLICT               TABLE
REPCAT$_RESOLUTION_METHOD      TABLE
REPCAT$_RESOLUTION             TABLE
REPCAT$_RESOLUTION_STATISTICS  TABLE
REPCAT$_RESOL_STATS_CONTROL    TABLE

TNAME                          TABTYPE  CLUSTERID
------------------------------ ------- ----------
REPCAT$_PARAMETER_COLUMN       TABLE
REPCAT$_AUDIT_ATTRIBUTE        TABLE
REPCAT$_AUDIT_COLUMN           TABLE
REPCAT$_FLAVOR_OBJECTS         TABLE
REPCAT$_TEMPLATE_STATUS        TABLE
REPCAT$_TEMPLATE_TYPES         TABLE
REPCAT$_REFRESH_TEMPLATES      TABLE
REPCAT$_USER_AUTHORIZATIONS    TABLE
REPCAT$_OBJECT_TYPES           TABLE
REPCAT$_TEMPLATE_REFGROUPS     TABLE
REPCAT$_TEMPLATE_OBJECTS       TABLE

TNAME                          TABTYPE  CLUSTERID
------------------------------ ------- ----------
REPCAT$_TEMPLATE_PARMS         TABLE
REPCAT$_OBJECT_PARMS           TABLE
REPCAT$_USER_PARM_VALUES       TABLE
REPCAT$_TEMPLATE_SITES         TABLE
REPCAT$_SITE_OBJECTS           TABLE
REPCAT$_RUNTIME_PARMS          TABLE
REPCAT$_TEMPLATE_TARGETS       TABLE
REPCAT$_EXCEPTIONS             TABLE
REPCAT$_INSTANTIATION_DDL      TABLE
REPCAT$_EXTENSION              TABLE
REPCAT$_SITES_NEW              TABLE

TNAME                          TABTYPE  CLUSTERID
------------------------------ ------- ----------
STUDENTS5                      TABLE
SQLPLUS_PRODUCT_PROFILE        TABLE
PRODUCT_PRIVS                  VIEW
PRODUCT_USER_PROFILE           SYNONYM
HELP                           TABLE
PERSONS                        TABLE
EMPLOYEE_MASTER                TABLE
PROJECT_MASTER                 TABLE
PROJECT_VIEWE                  VIEW
EMP_VIEW                       VIEW
VOTERS                         TABLE

TNAME                          TABTYPE  CLUSTERID
------------------------------ ------- ----------
V1                             VIEW
ACCOUNTS                       TABLE
BOOKS                          TABLE
PRODUCTS                       TABLE
SALES                          TABLE
STUDENTS                       TABLE
TEST                           TABLE
TEMP1                          TABLE
RESULT                         TABLE
TEST2                          TABLE
TABLE1                         TABLE

TNAME                          TABTYPE  CLUSTERID
------------------------------ ------- ----------
TEMP10                         TABLE
SAMPLE1                        TABLE

178 rows selected.

SQL> grant select on sample1 to role3;

Grant succeeded.

SQL> grant select,delete on students to role3;

Grant succeeded.

SQL> grant role3 to prince;

Grant succeeded.

SQL> connect prince/sagar
Connected.
SQL> select * from system.sample1;
ERROR:
OCI-22303: type "SYSTEM"."DATA" not found


SQL> select * from system.students;

    ROLLNO NAME
---------- ------------------------------
       101 Veer

SQL> grant role3 to dev;
grant role3 to dev
*
ERROR at line 1:
ORA-01932: ADMIN option not granted for role 'ROLE3'


SQL> connect
Enter user-name: system
Enter password:
Connected.
SQL> grant role3 to prince with admin option;

Grant succeeded.

SQL> connect
Enter user-name: prince
Enter password:
Connected.
SQL> grant role3 to dev;

Grant succeeded.

SQL> select * from tab;

TNAME                          TABTYPE  CLUSTERID
------------------------------ ------- ----------
EMPLOYEES                      TABLE
CUSTOMERS3                     TABLE
CUSTOMERS                      TABLE
CUSTOMERS2                     TABLE
CUSTOMERS4                     TABLE
CUSTOMERS5                     TABLE
CUSTOMERS6                     TABLE
CUSTOMERS7                     TABLE
CUST10                         TABLE
PRODUCTS                       TABLE
PRODUCTS2                      TABLE

TNAME                          TABTYPE  CLUSTERID
------------------------------ ------- ----------
ACCOUNTS                       TABLE
EMP                            TABLE
TRAINS                         TABLE
CRICKETERS                     TABLE
RESERVATION                    TABLE
WORKERS                        TABLE
SALARY                         TABLE
MEMBERS                        TABLE
BOOKS                          TABLE
ISSUE                          TABLE
EMPS                           TABLE

TNAME                          TABTYPE  CLUSTERID
------------------------------ ------- ----------
TEST                           TABLE
EXAM                           TABLE
SAMPLE                         TABLE
EMP1                           TABLE
SAMPLE2                        TABLE
PARENT                         TABLE
CHILD                          TABLE
EMP2                           TABLE
CITIES                         TABLE
STOCK                          TABLE
SALES                          TABLE

TNAME                          TABTYPE  CLUSTERID
------------------------------ ------- ----------
RES2                           TABLE

34 rows selected.

SQL> grant select on emp1 to role3;

Grant succeeded.

SQL> revoke select on emp1 to role3;
revoke select on emp1 to role3
                      *
ERROR at line 1:
ORA-00905: missing keyword


SQL> revoke select on emp1 from role3;

Revoke succeeded.

SQL> revoke select on system.students from role3;
revoke select on system.students from role3
*
ERROR at line 1:
ORA-01927: cannot REVOKE privileges you did not grant


SQL> select * from system.students;

    ROLLNO NAME
---------- ------------------------------
       101 Veer

SQL> select * from system.test;
select * from system.test
                     *
ERROR at line 1:
ORA-00942: table or view does not exist


SQL>
SQL> select * from system.persons;
select * from system.persons
                     *
ERROR at line 1:
ORA-00942: table or view does not exist


SQL>
SQL> connect
Enter user-name: system
Enter password:
Connected.
SQL> grant select * from persons to role3;
grant select * from persons to role3
      *
ERROR at line 1:
ORA-00990: missing or invalid privilege


SQL> grant select on persons to role3;

Grant succeeded.

SQL> connect
Enter user-name: prince
Enter password:
Connected.
SQL> select * from system.persons;
SP2-0678: Column or attribute type can not be displayed by SQL*Plus
SQL> connect
Enter user-name: system
Enter password:
Connected.
SQL> select * from tab;

TNAME                          TABTYPE  CLUSTERID
------------------------------ ------- ----------
SYSCATALOG                     SYNONYM
CATALOG                        SYNONYM
TAB                            SYNONYM
COL                            SYNONYM
TABQUOTAS                      SYNONYM
SYSFILES                       SYNONYM
PUBLICSYN                      SYNONYM
MVIEW$_ADV_WORKLOAD            TABLE
MVIEW$_ADV_BASETABLE           TABLE
MVIEW$_ADV_SQLDEPEND           TABLE
MVIEW$_ADV_PRETTY              TABLE

TNAME                          TABTYPE  CLUSTERID
------------------------------ ------- ----------
MVIEW$_ADV_TEMP                TABLE
MVIEW$_ADV_FILTER              TABLE
MVIEW$_ADV_LOG                 TABLE
MVIEW$_ADV_FILTERINSTANCE      TABLE
MVIEW$_ADV_LEVEL               TABLE
MVIEW$_ADV_ROLLUP              TABLE
MVIEW$_ADV_AJG                 TABLE
MVIEW$_ADV_FJG                 TABLE
MVIEW$_ADV_GC                  TABLE
MVIEW$_ADV_CLIQUE              TABLE
MVIEW$_ADV_ELIGIBLE            TABLE

TNAME                          TABTYPE  CLUSTERID
------------------------------ ------- ----------
MVIEW$_ADV_OUTPUT              TABLE
MVIEW$_ADV_EXCEPTIONS          TABLE
MVIEW$_ADV_PARAMETERS          TABLE
MVIEW$_ADV_INFO                TABLE
MVIEW$_ADV_JOURNAL             TABLE
MVIEW$_ADV_PLAN                TABLE
MVIEW_WORKLOAD                 VIEW
MVIEW_FILTER                   VIEW
MVIEW_LOG                      VIEW
MVIEW_FILTERINSTANCE           VIEW
MVIEW_RECOMMENDATIONS          VIEW

TNAME                          TABTYPE  CLUSTERID
------------------------------ ------- ----------
MVIEW_EVALUATIONS              VIEW
MVIEW_EXCEPTIONS               VIEW
AQ$_QUEUE_TABLES               TABLE
AQ$_QUEUES                     TABLE
AQ$_SCHEDULES                  TABLE
AQ$_INTERNET_AGENTS            TABLE
AQ$_INTERNET_AGENT_PRIVS       TABLE
DEF$_AQCALL                    TABLE
DEF$_AQERROR                   TABLE
AQ$_DEF$_AQCALL_F              VIEW
AQ$DEF$_AQCALL                 VIEW

TNAME                          TABTYPE  CLUSTERID
------------------------------ ------- ----------
DEF$_ERROR                     TABLE
AQ$_DEF$_AQERROR_F             VIEW
AQ$DEF$_AQERROR                VIEW
DEF$_DESTINATION               TABLE
DEF$_CALLDEST                  TABLE
DEF$_DEFAULTDEST               TABLE
DEF$_LOB                       TABLE
DEF$_TEMP$LOB                  TABLE
DEF$_PROPAGATOR                TABLE
DEF$_ORIGIN                    TABLE
DEF$_PUSHED_TRANSACTIONS       TABLE

TNAME                          TABTYPE  CLUSTERID
------------------------------ ------- ----------
OL$                            TABLE
OL$HINTS                       TABLE
OL$NODES                       TABLE
LOGMNR_SESSION_EVOLVE$         TABLE
LOGMNR_HEADER1$                TABLE
LOGMNR_HEADER2$                TABLE
LOGMNR_UID$                    TABLE
LOGMNRC_DBNAME_UID_MAP         TABLE
LOGMNR_DICTSTATE$              TABLE
LOGMNR_DICTIONARY$             TABLE
LOGMNR_OBJ$                    TABLE

TNAME                          TABTYPE  CLUSTERID
------------------------------ ------- ----------
LOGMNR_USER$                   TABLE
LOGMNRC_GTLO                   TABLE
LOGMNRC_GTCS                   TABLE
LOGMNRC_GSII                   TABLE
LOGMNR_TAB$                    TABLE
LOGMNR_COL$                    TABLE
LOGMNR_ATTRCOL$                TABLE
LOGMNR_TS$                     TABLE
LOGMNR_IND$                    TABLE
LOGMNR_TABPART$                TABLE
LOGMNR_TABSUBPART$             TABLE

TNAME                          TABTYPE  CLUSTERID
------------------------------ ------- ----------
LOGMNR_TABCOMPART$             TABLE
LOGMNR_TYPE$                   TABLE
LOGMNR_COLTYPE$                TABLE
LOGMNR_ATTRIBUTE$              TABLE
LOGMNR_LOB$                    TABLE
LOGMNR_CDEF$                   TABLE
LOGMNR_CCOL$                   TABLE
LOGMNR_ICOL$                   TABLE
LOGMNR_LOBFRAG$                TABLE
LOGMNR_INDPART$                TABLE
LOGMNR_INDSUBPART$             TABLE

TNAME                          TABTYPE  CLUSTERID
------------------------------ ------- ----------
LOGMNR_INDCOMPART$             TABLE
LOGMNRP_CTAS_PART_MAP          TABLE
LOGMNRT_MDDL$                  TABLE
LOGMNR_LOG$                    TABLE
LOGMNR_PROCESSED_LOG$          TABLE
LOGMNR_SPILL$                  TABLE
LOGMNR_AGE_SPILL$              TABLE
LOGMNR_RESTART_CKPT_TXINFO$    TABLE
LOGMNR_ERROR$                  TABLE
LOGMNR_RESTART_CKPT$           TABLE
LOGMNR_FILTER$                 TABLE

TNAME                          TABTYPE  CLUSTERID
------------------------------ ------- ----------
LOGMNR_PARAMETER$              TABLE
LOGMNR_SESSION$                TABLE
LOGSTDBY$PARAMETERS            TABLE
LOGSTDBY$EVENTS                TABLE
LOGSTDBY$APPLY_PROGRESS        TABLE
LOGSTDBY$APPLY_MILESTONE       TABLE
LOGSTDBY$SCN                   TABLE
LOGSTDBY$PLSQL                 TABLE
LOGSTDBY$SKIP_TRANSACTION      TABLE
LOGSTDBY$SKIP                  TABLE
LOGSTDBY$SKIP_SUPPORT          TABLE

TNAME                          TABTYPE  CLUSTERID
------------------------------ ------- ----------
LOGSTDBY$HISTORY               TABLE
REPCAT$_REPCAT                 TABLE
REPCAT$_FLAVORS                TABLE
REPCAT$_REPSCHEMA              TABLE
REPCAT$_SNAPGROUP              TABLE
REPCAT$_REPOBJECT              TABLE
REPCAT$_REPCOLUMN              TABLE
REPCAT$_KEY_COLUMNS            TABLE
REPCAT$_GENERATED              TABLE
REPCAT$_REPPROP                TABLE
REPCAT$_REPCATLOG              TABLE

TNAME                          TABTYPE  CLUSTERID
------------------------------ ------- ----------
REPCAT$_DDL                    TABLE
REPCAT$_REPGROUP_PRIVS         TABLE
REPCAT$_PRIORITY_GROUP         TABLE
REPCAT$_PRIORITY               TABLE
REPCAT$_COLUMN_GROUP           TABLE
REPCAT$_GROUPED_COLUMN         TABLE
REPCAT$_CONFLICT               TABLE
REPCAT$_RESOLUTION_METHOD      TABLE
REPCAT$_RESOLUTION             TABLE
REPCAT$_RESOLUTION_STATISTICS  TABLE
REPCAT$_RESOL_STATS_CONTROL    TABLE

TNAME                          TABTYPE  CLUSTERID
------------------------------ ------- ----------
REPCAT$_PARAMETER_COLUMN       TABLE
REPCAT$_AUDIT_ATTRIBUTE        TABLE
REPCAT$_AUDIT_COLUMN           TABLE
REPCAT$_FLAVOR_OBJECTS         TABLE
REPCAT$_TEMPLATE_STATUS        TABLE
REPCAT$_TEMPLATE_TYPES         TABLE
REPCAT$_REFRESH_TEMPLATES      TABLE
REPCAT$_USER_AUTHORIZATIONS    TABLE
REPCAT$_OBJECT_TYPES           TABLE
REPCAT$_TEMPLATE_REFGROUPS     TABLE
REPCAT$_TEMPLATE_OBJECTS       TABLE

TNAME                          TABTYPE  CLUSTERID
------------------------------ ------- ----------
REPCAT$_TEMPLATE_PARMS         TABLE
REPCAT$_OBJECT_PARMS           TABLE
REPCAT$_USER_PARM_VALUES       TABLE
REPCAT$_TEMPLATE_SITES         TABLE
REPCAT$_SITE_OBJECTS           TABLE
REPCAT$_RUNTIME_PARMS          TABLE
REPCAT$_TEMPLATE_TARGETS       TABLE
REPCAT$_EXCEPTIONS             TABLE
REPCAT$_INSTANTIATION_DDL      TABLE
REPCAT$_EXTENSION              TABLE
REPCAT$_SITES_NEW              TABLE

TNAME                          TABTYPE  CLUSTERID
------------------------------ ------- ----------
STUDENTS5                      TABLE
SQLPLUS_PRODUCT_PROFILE        TABLE
PRODUCT_PRIVS                  VIEW
PRODUCT_USER_PROFILE           SYNONYM
HELP                           TABLE
PERSONS                        TABLE
EMPLOYEE_MASTER                TABLE
PROJECT_MASTER                 TABLE
PROJECT_VIEWE                  VIEW
EMP_VIEW                       VIEW
VOTERS                         TABLE

TNAME                          TABTYPE  CLUSTERID
------------------------------ ------- ----------
V1                             VIEW
ACCOUNTS                       TABLE
BOOKS                          TABLE
PRODUCTS                       TABLE
SALES                          TABLE
STUDENTS                       TABLE
TEST                           TABLE
TEMP1                          TABLE
RESULT                         TABLE
TEST2                          TABLE
TABLE1                         TABLE

TNAME                          TABTYPE  CLUSTERID
------------------------------ ------- ----------
TEMP10                         TABLE
SAMPLE1                        TABLE

178 rows selected.

SQL> select * from temp10;

      SRNO
----------
CITY
--------------------------------------------------------------------------------
         1
VAR1('A', 'B', 'C')


SQL> select * from result;

     ADMNO SUBJECT             MARKS1
---------- --------------- ----------
         1 A                       56
         2 C                       56

SQL> grant select on result to role3;

Grant succeeded.

SQL> connect
Enter user-name: prince
Enter password:
Connected.
SQL> select * from system.result;

     ADMNO SUBJECT             MARKS1
---------- --------------- ----------
         1 A                       56
         2 C                       56

SQL> desc system.persons;
 Name                                      Null?    Type
 ----------------------------------------- -------- ----------------------------
 SRNO                                               NUMBER(3)
 NAME                                               VARCHAR2(30)
 PHOTO                                              BLOB

SQL> desc temp10;
ERROR:
ORA-04043: object temp10 does not exist


SQL> connect system
Enter password:
Connected.
SQL> desc temp10;
 Name                                      Null?    Type
 ----------------------------------------- -------- ----------------------------
 SRNO                                               NUMBER
 CITY                                               VAR1

SQL>